------------------------------------------------------------
Timing Analyzer Summary
------------------------------------------------------------

Type  : Slow 1100mV 85C Model Setup 'clk'
Slack : -0.446
TNS   : -1.172

Type  : Slow 1100mV 85C Model Hold 'clk'
Slack : 0.523
TNS   : 0.000

Type  : Slow 1100mV 85C Model Minimum Pulse Width 'clk'
Slack : -0.724
TNS   : -3.319

Type  : Slow 1100mV 0C Model Setup 'clk'
Slack : -0.492
TNS   : -1.392

Type  : Slow 1100mV 0C Model Hold 'clk'
Slack : 0.496
TNS   : 0.000

Type  : Slow 1100mV 0C Model Minimum Pulse Width 'clk'
Slack : -0.724
TNS   : -3.391

Type  : Fast 1100mV 85C Model Setup 'clk'
Slack : 0.390
TNS   : 0.000

Type  : Fast 1100mV 85C Model Hold 'clk'
Slack : 0.184
TNS   : 0.000

Type  : Fast 1100mV 85C Model Minimum Pulse Width 'clk'
Slack : -0.079
TNS   : -0.234

Type  : Fast 1100mV 0C Model Setup 'clk'
Slack : 0.416
TNS   : 0.000

Type  : Fast 1100mV 0C Model Hold 'clk'
Slack : 0.174
TNS   : 0.000

Type  : Fast 1100mV 0C Model Minimum Pulse Width 'clk'
Slack : -0.081
TNS   : -0.239

------------------------------------------------------------
